Authenticating...
Authenticated! Token obtained.

Testing with single object...
Single Object Result: 400 {"message":"Student 2 is not assigned to group 1","error":"Bad Request","statusCode":400}

Testing with array...
Array Result: 400 {"message":"Student 2 is not assigned to group 1","error":"Bad Request","statusCode":400}
